Copyright 1986-2022 Xilinx, Inc. All Rights Reserved.
------------------------------------------------------------------------------------------------------------------------------------------------------------------------------------------------------------------------------------------------
| Tool Version : Vivado v.2022.2 (win64) Build 3671981 Fri Oct 14 05:00:03 MDT 2022
| Date         : Fri Sep 18 16:58:29 2026
| Host         : AbhishekYadav running 64-bit major release  (build 9200)
| Command      : report_timing_summary -max_paths 10 -report_unconstrained -file R_adder_seventeen_timing_summary_routed.rpt -pb R_adder_seventeen_timing_summary_routed.pb -rpx R_adder_seventeen_timing_summary_routed.rpx -warn_on_violation
| Design       : R_adder_seventeen
| Device       : 7z020-clg484
| Speed File   : -1  PRODUCTION 1.12 2019-11-22
------------------------------------------------------------------------------------------------------------------------------------------------------------------------------------------------------------------------------------------------

Timing Summary Report

------------------------------------------------------------------------------------------------
| Timer Settings
| --------------
------------------------------------------------------------------------------------------------

  Enable Multi Corner Analysis               :  Yes
  Enable Pessimism Removal                   :  Yes
  Pessimism Removal Resolution               :  Nearest Common Node
  Enable Input Delay Default Clock           :  No
  Enable Preset / Clear Arcs                 :  No
  Disable Flight Delays                      :  No
  Ignore I/O Paths                           :  No
  Timing Early Launch at Borrowing Latches   :  No
  Borrow Time for Max Delay Exceptions       :  Yes
  Merge Timing Exceptions                    :  Yes

  Corner  Analyze    Analyze    
  Name    Max Paths  Min Paths  
  ------  ---------  ---------  
  Slow    Yes        Yes        
  Fast    Yes        Yes        


------------------------------------------------------------------------------------------------
| Report Methodology
| ------------------
------------------------------------------------------------------------------------------------

No report available as report_methodology has not been run prior. Run report_methodology on the current design for the summary of methodology violations.



check_timing report

Table of Contents
-----------------
1. checking no_clock (0)
2. checking constant_clock (0)
3. checking pulse_width_clock (0)
4. checking unconstrained_internal_endpoints (0)
5. checking no_input_delay (0)
6. checking no_output_delay (0)
7. checking multiple_clock (0)
8. checking generated_clocks (0)
9. checking loops (0)
10. checking partial_input_delay (0)
11. checking partial_output_delay (0)
12. checking latch_loops (0)

1. checking no_clock (0)
------------------------
 There are 0 register/latch pins with no clock.


2. checking constant_clock (0)
------------------------------
 There are 0 register/latch pins with constant_clock.


3. checking pulse_width_clock (0)
---------------------------------
 There are 0 register/latch pins which need pulse_width check


4. checking unconstrained_internal_endpoints (0)
------------------------------------------------
 There are 0 pins that are not constrained for maximum delay.

 There are 0 pins that are not constrained for maximum delay due to constant clock.


5. checking no_input_delay (0)
------------------------------
 There are 0 input ports with no input delay specified.

 There are 0 input ports with no input delay but user has a false path constraint.


6. checking no_output_delay (0)
-------------------------------
 There are 0 ports with no output delay specified.

 There are 0 ports with no output delay but user has a false path constraint

 There are 0 ports with no output delay but with a timing clock defined on it or propagating through it


7. checking multiple_clock (0)
------------------------------
 There are 0 register/latch pins with multiple clocks.


8. checking generated_clocks (0)
--------------------------------
 There are 0 generated clocks that are not connected to a clock source.


9. checking loops (0)
---------------------
 There are 0 combinational loops in the design.


10. checking partial_input_delay (0)
------------------------------------
 There are 0 input ports with partial input delay specified.


11. checking partial_output_delay (0)
-------------------------------------
 There are 0 ports with partial output delay specified.


12. checking latch_loops (0)
----------------------------
 There are 0 combinational latch loops in the design through latch input



------------------------------------------------------------------------------------------------
| Design Timing Summary
| ---------------------
------------------------------------------------------------------------------------------------

    WNS(ns)      TNS(ns)  TNS Failing Endpoints  TNS Total Endpoints      WHS(ns)      THS(ns)  THS Failing Endpoints  THS Total Endpoints     WPWS(ns)     TPWS(ns)  TPWS Failing Endpoints  TPWS Total Endpoints  
    -------      -------  ---------------------  -------------------      -------      -------  ---------------------  -------------------     --------     --------  ----------------------  --------------------  
        inf        0.000                      0                   18          inf        0.000                      0                   18           NA           NA                      NA                    NA  


All user specified timing constraints are met.


------------------------------------------------------------------------------------------------
| Clock Summary
| -------------
------------------------------------------------------------------------------------------------


------------------------------------------------------------------------------------------------
| Intra Clock Table
| -----------------
------------------------------------------------------------------------------------------------

Clock             WNS(ns)      TNS(ns)  TNS Failing Endpoints  TNS Total Endpoints      WHS(ns)      THS(ns)  THS Failing Endpoints  THS Total Endpoints     WPWS(ns)     TPWS(ns)  TPWS Failing Endpoints  TPWS Total Endpoints  
-----             -------      -------  ---------------------  -------------------      -------      -------  ---------------------  -------------------     --------     --------  ----------------------  --------------------  


------------------------------------------------------------------------------------------------
| Inter Clock Table
| -----------------
------------------------------------------------------------------------------------------------

From Clock    To Clock          WNS(ns)      TNS(ns)  TNS Failing Endpoints  TNS Total Endpoints      WHS(ns)      THS(ns)  THS Failing Endpoints  THS Total Endpoints  
----------    --------          -------      -------  ---------------------  -------------------      -------      -------  ---------------------  -------------------  


------------------------------------------------------------------------------------------------
| Other Path Groups Table
| -----------------------
------------------------------------------------------------------------------------------------

Path Group    From Clock    To Clock          WNS(ns)      TNS(ns)  TNS Failing Endpoints  TNS Total Endpoints      WHS(ns)      THS(ns)  THS Failing Endpoints  THS Total Endpoints  
----------    ----------    --------          -------      -------  ---------------------  -------------------      -------      -------  ---------------------  -------------------  


------------------------------------------------------------------------------------------------
| User Ignored Path Table
| -----------------------
------------------------------------------------------------------------------------------------

Path Group    From Clock    To Clock    
----------    ----------    --------    


------------------------------------------------------------------------------------------------
| Unconstrained Path Table
| ------------------------
------------------------------------------------------------------------------------------------

Path Group    From Clock    To Clock    
----------    ----------    --------    
(none)                                    


------------------------------------------------------------------------------------------------
| Timing Details
| --------------
------------------------------------------------------------------------------------------------


--------------------------------------------------------------------------------------
Path Group:  (none)
From Clock:  
  To Clock:  

Max Delay            18 Endpoints
Min Delay            18 Endpoints
--------------------------------------------------------------------------------------


Max Delay Paths
--------------------------------------------------------------------------------------
Slack:                    inf
  Source:                 b[1]
                            (input port)
  Destination:            carry
                            (output port)
  Path Group:             (none)
  Path Type:              Max at Slow Process Corner
  Data Path Delay:        16.218ns  (logic 5.749ns (35.450%)  route 10.469ns (64.550%))
  Logic Levels:           11  (IBUF=1 LUT5=8 LUT6=1 OBUF=1)

    Location             Delay type                Incr(ns)  Path(ns)    Netlist Resource(s)
  -------------------------------------------------------------------    -------------------
    AB15                                              0.000     0.000 r  b[1] (IN)
                         net (fo=0)                   0.000     0.000    b[1]
    AB15                 IBUF (Prop_ibuf_I_O)         0.958     0.958 r  b_IBUF[1]_inst/O
                         net (fo=5, routed)           2.670     3.628    b_IBUF[1]
    SLICE_X113Y56        LUT5 (Prop_lut5_I3_O)        0.124     3.752 r  Y_OBUF[4]_inst_i_3/O
                         net (fo=1, routed)           0.665     4.417    Y_OBUF[4]_inst_i_3_n_0
    SLICE_X113Y56        LUT6 (Prop_lut6_I0_O)        0.124     4.541 r  Y_OBUF[4]_inst_i_2/O
                         net (fo=3, routed)           0.833     5.374    Y_OBUF[4]_inst_i_2_n_0
    SLICE_X113Y55        LUT5 (Prop_lut5_I2_O)        0.150     5.524 r  Y_OBUF[6]_inst_i_2/O
                         net (fo=3, routed)           0.862     6.386    p4
    SLICE_X113Y55        LUT5 (Prop_lut5_I2_O)        0.354     6.740 r  Y_OBUF[8]_inst_i_2/O
                         net (fo=3, routed)           0.821     7.561    p6
    SLICE_X113Y57        LUT5 (Prop_lut5_I2_O)        0.332     7.893 r  Y_OBUF[10]_inst_i_2/O
                         net (fo=3, routed)           0.412     8.305    p8
    SLICE_X113Y59        LUT5 (Prop_lut5_I2_O)        0.124     8.429 r  Y_OBUF[12]_inst_i_2/O
                         net (fo=3, routed)           0.644     9.073    p10
    SLICE_X113Y61        LUT5 (Prop_lut5_I2_O)        0.150     9.223 r  Y_OBUF[14]_inst_i_2/O
                         net (fo=3, routed)           0.607     9.829    p12
    SLICE_X113Y63        LUT5 (Prop_lut5_I2_O)        0.320    10.149 r  carry_OBUF_inst_i_2/O
                         net (fo=3, routed)           0.607    10.756    p14
    SLICE_X113Y65        LUT5 (Prop_lut5_I2_O)        0.320    11.076 r  carry_OBUF_inst_i_1/O
                         net (fo=1, routed)           2.349    13.425    carry_OBUF
    M16                  OBUF (Prop_obuf_I_O)         2.793    16.218 r  carry_OBUF_inst/O
                         net (fo=0)                   0.000    16.218    carry
    M16                                                               r  carry (OUT)
  -------------------------------------------------------------------    -------------------

Slack:                    inf
  Source:                 b[1]
                            (input port)
  Destination:            Y[16]
                            (output port)
  Path Group:             (none)
  Path Type:              Max at Slow Process Corner
  Data Path Delay:        16.050ns  (logic 5.572ns (34.717%)  route 10.478ns (65.283%))
  Logic Levels:           11  (IBUF=1 LUT5=8 LUT6=1 OBUF=1)

    Location             Delay type                Incr(ns)  Path(ns)    Netlist Resource(s)
  -------------------------------------------------------------------    -------------------
    AB15                                              0.000     0.000 r  b[1] (IN)
                         net (fo=0)                   0.000     0.000    b[1]
    AB15                 IBUF (Prop_ibuf_I_O)         0.958     0.958 r  b_IBUF[1]_inst/O
                         net (fo=5, routed)           2.670     3.628    b_IBUF[1]
    SLICE_X113Y56        LUT5 (Prop_lut5_I3_O)        0.124     3.752 r  Y_OBUF[4]_inst_i_3/O
                         net (fo=1, routed)           0.665     4.417    Y_OBUF[4]_inst_i_3_n_0
    SLICE_X113Y56        LUT6 (Prop_lut6_I0_O)        0.124     4.541 r  Y_OBUF[4]_inst_i_2/O
                         net (fo=3, routed)           0.833     5.374    Y_OBUF[4]_inst_i_2_n_0
    SLICE_X113Y55        LUT5 (Prop_lut5_I2_O)        0.150     5.524 r  Y_OBUF[6]_inst_i_2/O
                         net (fo=3, routed)           0.862     6.386    p4
    SLICE_X113Y55        LUT5 (Prop_lut5_I2_O)        0.354     6.740 r  Y_OBUF[8]_inst_i_2/O
                         net (fo=3, routed)           0.821     7.561    p6
    SLICE_X113Y57        LUT5 (Prop_lut5_I2_O)        0.332     7.893 r  Y_OBUF[10]_inst_i_2/O
                         net (fo=3, routed)           0.412     8.305    p8
    SLICE_X113Y59        LUT5 (Prop_lut5_I2_O)        0.124     8.429 r  Y_OBUF[12]_inst_i_2/O
                         net (fo=3, routed)           0.644     9.073    p10
    SLICE_X113Y61        LUT5 (Prop_lut5_I2_O)        0.150     9.223 r  Y_OBUF[14]_inst_i_2/O
                         net (fo=3, routed)           0.607     9.829    p12
    SLICE_X113Y63        LUT5 (Prop_lut5_I2_O)        0.320    10.149 r  carry_OBUF_inst_i_2/O
                         net (fo=3, routed)           0.607    10.756    p14
    SLICE_X113Y65        LUT5 (Prop_lut5_I4_O)        0.326    11.082 r  Y_OBUF[16]_inst_i_1/O
                         net (fo=1, routed)           2.358    13.440    Y_OBUF[16]
    J18                  OBUF (Prop_obuf_I_O)         2.610    16.050 r  Y_OBUF[16]_inst/O
                         net (fo=0)                   0.000    16.050    Y[16]
    J18                                                               r  Y[16] (OUT)
  -------------------------------------------------------------------    -------------------

Slack:                    inf
  Source:                 b[1]
                            (input port)
  Destination:            Y[15]
                            (output port)
  Path Group:             (none)
  Path Type:              Max at Slow Process Corner
  Data Path Delay:        15.669ns  (logic 5.565ns (35.514%)  route 10.104ns (64.486%))
  Logic Levels:           11  (IBUF=1 LUT3=1 LUT5=7 LUT6=1 OBUF=1)

    Location             Delay type                Incr(ns)  Path(ns)    Netlist Resource(s)
  -------------------------------------------------------------------    -------------------
    AB15                                              0.000     0.000 r  b[1] (IN)
                         net (fo=0)                   0.000     0.000    b[1]
    AB15                 IBUF (Prop_ibuf_I_O)         0.958     0.958 r  b_IBUF[1]_inst/O
                         net (fo=5, routed)           2.670     3.628    b_IBUF[1]
    SLICE_X113Y56        LUT5 (Prop_lut5_I3_O)        0.124     3.752 r  Y_OBUF[4]_inst_i_3/O
                         net (fo=1, routed)           0.665     4.417    Y_OBUF[4]_inst_i_3_n_0
    SLICE_X113Y56        LUT6 (Prop_lut6_I0_O)        0.124     4.541 r  Y_OBUF[4]_inst_i_2/O
                         net (fo=3, routed)           0.833     5.374    Y_OBUF[4]_inst_i_2_n_0
    SLICE_X113Y55        LUT5 (Prop_lut5_I2_O)        0.150     5.524 r  Y_OBUF[6]_inst_i_2/O
                         net (fo=3, routed)           0.862     6.386    p4
    SLICE_X113Y55        LUT5 (Prop_lut5_I2_O)        0.354     6.740 r  Y_OBUF[8]_inst_i_2/O
                         net (fo=3, routed)           0.821     7.561    p6
    SLICE_X113Y57        LUT5 (Prop_lut5_I2_O)        0.332     7.893 r  Y_OBUF[10]_inst_i_2/O
                         net (fo=3, routed)           0.412     8.305    p8
    SLICE_X113Y59        LUT5 (Prop_lut5_I2_O)        0.124     8.429 r  Y_OBUF[12]_inst_i_2/O
                         net (fo=3, routed)           0.644     9.073    p10
    SLICE_X113Y61        LUT5 (Prop_lut5_I2_O)        0.150     9.223 r  Y_OBUF[14]_inst_i_2/O
                         net (fo=3, routed)           0.607     9.829    p12
    SLICE_X113Y63        LUT5 (Prop_lut5_I2_O)        0.320    10.149 r  carry_OBUF_inst_i_2/O
                         net (fo=3, routed)           0.307    10.456    p14
    SLICE_X113Y65        LUT3 (Prop_lut3_I2_O)        0.326    10.782 r  Y_OBUF[15]_inst_i_1/O
                         net (fo=1, routed)           2.283    13.066    Y_OBUF[15]
    K18                  OBUF (Prop_obuf_I_O)         2.603    15.669 r  Y_OBUF[15]_inst/O
                         net (fo=0)                   0.000    15.669    Y[15]
    K18                                                               r  Y[15] (OUT)
  -------------------------------------------------------------------    -------------------

Slack:                    inf
  Source:                 b[1]
                            (input port)
  Destination:            Y[14]
                            (output port)
  Path Group:             (none)
  Path Type:              Max at Slow Process Corner
  Data Path Delay:        15.089ns  (logic 5.246ns (34.765%)  route 9.843ns (65.235%))
  Logic Levels:           10  (IBUF=1 LUT5=7 LUT6=1 OBUF=1)

    Location             Delay type                Incr(ns)  Path(ns)    Netlist Resource(s)
  -------------------------------------------------------------------    -------------------
    AB15                                              0.000     0.000 r  b[1] (IN)
                         net (fo=0)                   0.000     0.000    b[1]
    AB15                 IBUF (Prop_ibuf_I_O)         0.958     0.958 r  b_IBUF[1]_inst/O
                         net (fo=5, routed)           2.670     3.628    b_IBUF[1]
    SLICE_X113Y56        LUT5 (Prop_lut5_I3_O)        0.124     3.752 r  Y_OBUF[4]_inst_i_3/O
                         net (fo=1, routed)           0.665     4.417    Y_OBUF[4]_inst_i_3_n_0
    SLICE_X113Y56        LUT6 (Prop_lut6_I0_O)        0.124     4.541 r  Y_OBUF[4]_inst_i_2/O
                         net (fo=3, routed)           0.833     5.374    Y_OBUF[4]_inst_i_2_n_0
    SLICE_X113Y55        LUT5 (Prop_lut5_I2_O)        0.150     5.524 r  Y_OBUF[6]_inst_i_2/O
                         net (fo=3, routed)           0.862     6.386    p4
    SLICE_X113Y55        LUT5 (Prop_lut5_I2_O)        0.354     6.740 r  Y_OBUF[8]_inst_i_2/O
                         net (fo=3, routed)           0.821     7.561    p6
    SLICE_X113Y57        LUT5 (Prop_lut5_I2_O)        0.332     7.893 r  Y_OBUF[10]_inst_i_2/O
                         net (fo=3, routed)           0.412     8.305    p8
    SLICE_X113Y59        LUT5 (Prop_lut5_I2_O)        0.124     8.429 r  Y_OBUF[12]_inst_i_2/O
                         net (fo=3, routed)           0.644     9.073    p10
    SLICE_X113Y61        LUT5 (Prop_lut5_I2_O)        0.150     9.223 r  Y_OBUF[14]_inst_i_2/O
                         net (fo=3, routed)           0.607     9.829    p12
    SLICE_X113Y63        LUT5 (Prop_lut5_I0_O)        0.326    10.155 r  Y_OBUF[14]_inst_i_1/O
                         net (fo=1, routed)           2.330    12.485    Y_OBUF[14]
    J21                  OBUF (Prop_obuf_I_O)         2.604    15.089 r  Y_OBUF[14]_inst/O
                         net (fo=0)                   0.000    15.089    Y[14]
    J21                                                               r  Y[14] (OUT)
  -------------------------------------------------------------------    -------------------

Slack:                    inf
  Source:                 b[1]
                            (input port)
  Destination:            Y[13]
                            (output port)
  Path Group:             (none)
  Path Type:              Max at Slow Process Corner
  Data Path Delay:        14.768ns  (logic 5.262ns (35.630%)  route 9.506ns (64.370%))
  Logic Levels:           10  (IBUF=1 LUT3=1 LUT5=6 LUT6=1 OBUF=1)

    Location             Delay type                Incr(ns)  Path(ns)    Netlist Resource(s)
  -------------------------------------------------------------------    -------------------
    AB15                                              0.000     0.000 r  b[1] (IN)
                         net (fo=0)                   0.000     0.000    b[1]
    AB15                 IBUF (Prop_ibuf_I_O)         0.958     0.958 r  b_IBUF[1]_inst/O
                         net (fo=5, routed)           2.670     3.628    b_IBUF[1]
    SLICE_X113Y56        LUT5 (Prop_lut5_I3_O)        0.124     3.752 r  Y_OBUF[4]_inst_i_3/O
                         net (fo=1, routed)           0.665     4.417    Y_OBUF[4]_inst_i_3_n_0
    SLICE_X113Y56        LUT6 (Prop_lut6_I0_O)        0.124     4.541 r  Y_OBUF[4]_inst_i_2/O
                         net (fo=3, routed)           0.833     5.374    Y_OBUF[4]_inst_i_2_n_0
    SLICE_X113Y55        LUT5 (Prop_lut5_I2_O)        0.150     5.524 r  Y_OBUF[6]_inst_i_2/O
                         net (fo=3, routed)           0.862     6.386    p4
    SLICE_X113Y55        LUT5 (Prop_lut5_I2_O)        0.354     6.740 r  Y_OBUF[8]_inst_i_2/O
                         net (fo=3, routed)           0.821     7.561    p6
    SLICE_X113Y57        LUT5 (Prop_lut5_I2_O)        0.332     7.893 r  Y_OBUF[10]_inst_i_2/O
                         net (fo=3, routed)           0.412     8.305    p8
    SLICE_X113Y59        LUT5 (Prop_lut5_I2_O)        0.124     8.429 r  Y_OBUF[12]_inst_i_2/O
                         net (fo=3, routed)           0.644     9.073    p10
    SLICE_X113Y61        LUT5 (Prop_lut5_I2_O)        0.150     9.223 r  Y_OBUF[14]_inst_i_2/O
                         net (fo=3, routed)           0.307     9.530    p12
    SLICE_X113Y63        LUT3 (Prop_lut3_I2_O)        0.326     9.856 r  Y_OBUF[13]_inst_i_1/O
                         net (fo=1, routed)           2.292    12.148    Y_OBUF[13]
    J22                  OBUF (Prop_obuf_I_O)         2.620    14.768 r  Y_OBUF[13]_inst/O
                         net (fo=0)                   0.000    14.768    Y[13]
    J22                                                               r  Y[13] (OUT)
  -------------------------------------------------------------------    -------------------

Slack:                    inf
  Source:                 b[1]
                            (input port)
  Destination:            Y[12]
                            (output port)
  Path Group:             (none)
  Path Type:              Max at Slow Process Corner
  Data Path Delay:        14.128ns  (logic 4.892ns (34.623%)  route 9.237ns (65.377%))
  Logic Levels:           9  (IBUF=1 LUT5=6 LUT6=1 OBUF=1)

    Location             Delay type                Incr(ns)  Path(ns)    Netlist Resource(s)
  -------------------------------------------------------------------    -------------------
    AB15                                              0.000     0.000 r  b[1] (IN)
                         net (fo=0)                   0.000     0.000    b[1]
    AB15                 IBUF (Prop_ibuf_I_O)         0.958     0.958 r  b_IBUF[1]_inst/O
                         net (fo=5, routed)           2.670     3.628    b_IBUF[1]
    SLICE_X113Y56        LUT5 (Prop_lut5_I3_O)        0.124     3.752 r  Y_OBUF[4]_inst_i_3/O
                         net (fo=1, routed)           0.665     4.417    Y_OBUF[4]_inst_i_3_n_0
    SLICE_X113Y56        LUT6 (Prop_lut6_I0_O)        0.124     4.541 r  Y_OBUF[4]_inst_i_2/O
                         net (fo=3, routed)           0.833     5.374    Y_OBUF[4]_inst_i_2_n_0
    SLICE_X113Y55        LUT5 (Prop_lut5_I2_O)        0.150     5.524 r  Y_OBUF[6]_inst_i_2/O
                         net (fo=3, routed)           0.862     6.386    p4
    SLICE_X113Y55        LUT5 (Prop_lut5_I2_O)        0.354     6.740 r  Y_OBUF[8]_inst_i_2/O
                         net (fo=3, routed)           0.821     7.561    p6
    SLICE_X113Y57        LUT5 (Prop_lut5_I2_O)        0.332     7.893 r  Y_OBUF[10]_inst_i_2/O
                         net (fo=3, routed)           0.412     8.305    p8
    SLICE_X113Y59        LUT5 (Prop_lut5_I2_O)        0.124     8.429 r  Y_OBUF[12]_inst_i_2/O
                         net (fo=3, routed)           0.644     9.073    p10
    SLICE_X113Y61        LUT5 (Prop_lut5_I0_O)        0.124     9.197 r  Y_OBUF[12]_inst_i_1/O
                         net (fo=1, routed)           2.330    11.527    Y_OBUF[12]
    J20                  OBUF (Prop_obuf_I_O)         2.602    14.128 r  Y_OBUF[12]_inst/O
                         net (fo=0)                   0.000    14.128    Y[12]
    J20                                                               r  Y[12] (OUT)
  -------------------------------------------------------------------    -------------------

Slack:                    inf
  Source:                 b[1]
                            (input port)
  Destination:            Y[11]
                            (output port)
  Path Group:             (none)
  Path Type:              Max at Slow Process Corner
  Data Path Delay:        14.087ns  (logic 4.891ns (34.719%)  route 9.196ns (65.281%))
  Logic Levels:           9  (IBUF=1 LUT3=1 LUT5=5 LUT6=1 OBUF=1)

    Location             Delay type                Incr(ns)  Path(ns)    Netlist Resource(s)
  -------------------------------------------------------------------    -------------------
    AB15                                              0.000     0.000 r  b[1] (IN)
                         net (fo=0)                   0.000     0.000    b[1]
    AB15                 IBUF (Prop_ibuf_I_O)         0.958     0.958 r  b_IBUF[1]_inst/O
                         net (fo=5, routed)           2.670     3.628    b_IBUF[1]
    SLICE_X113Y56        LUT5 (Prop_lut5_I3_O)        0.124     3.752 r  Y_OBUF[4]_inst_i_3/O
                         net (fo=1, routed)           0.665     4.417    Y_OBUF[4]_inst_i_3_n_0
    SLICE_X113Y56        LUT6 (Prop_lut6_I0_O)        0.124     4.541 r  Y_OBUF[4]_inst_i_2/O
                         net (fo=3, routed)           0.833     5.374    Y_OBUF[4]_inst_i_2_n_0
    SLICE_X113Y55        LUT5 (Prop_lut5_I2_O)        0.150     5.524 r  Y_OBUF[6]_inst_i_2/O
                         net (fo=3, routed)           0.862     6.386    p4
    SLICE_X113Y55        LUT5 (Prop_lut5_I2_O)        0.354     6.740 r  Y_OBUF[8]_inst_i_2/O
                         net (fo=3, routed)           0.821     7.561    p6
    SLICE_X113Y57        LUT5 (Prop_lut5_I2_O)        0.332     7.893 r  Y_OBUF[10]_inst_i_2/O
                         net (fo=3, routed)           0.412     8.305    p8
    SLICE_X113Y59        LUT5 (Prop_lut5_I2_O)        0.124     8.429 r  Y_OBUF[12]_inst_i_2/O
                         net (fo=3, routed)           0.649     9.078    p10
    SLICE_X113Y61        LUT3 (Prop_lut3_I2_O)        0.124     9.202 r  Y_OBUF[11]_inst_i_1/O
                         net (fo=1, routed)           2.284    11.486    Y_OBUF[11]
    K21                  OBUF (Prop_obuf_I_O)         2.601    14.087 r  Y_OBUF[11]_inst/O
                         net (fo=0)                   0.000    14.087    Y[11]
    K21                                                               r  Y[11] (OUT)
  -------------------------------------------------------------------    -------------------

Slack:                    inf
  Source:                 b[1]
                            (input port)
  Destination:            Y[10]
                            (output port)
  Path Group:             (none)
  Path Type:              Max at Slow Process Corner
  Data Path Delay:        13.711ns  (logic 4.951ns (36.108%)  route 8.760ns (63.892%))
  Logic Levels:           8  (IBUF=1 LUT5=5 LUT6=1 OBUF=1)

    Location             Delay type                Incr(ns)  Path(ns)    Netlist Resource(s)
  -------------------------------------------------------------------    -------------------
    AB15                                              0.000     0.000 r  b[1] (IN)
                         net (fo=0)                   0.000     0.000    b[1]
    AB15                 IBUF (Prop_ibuf_I_O)         0.958     0.958 r  b_IBUF[1]_inst/O
                         net (fo=5, routed)           2.670     3.628    b_IBUF[1]
    SLICE_X113Y56        LUT5 (Prop_lut5_I3_O)        0.124     3.752 r  Y_OBUF[4]_inst_i_3/O
                         net (fo=1, routed)           0.665     4.417    Y_OBUF[4]_inst_i_3_n_0
    SLICE_X113Y56        LUT6 (Prop_lut6_I0_O)        0.124     4.541 r  Y_OBUF[4]_inst_i_2/O
                         net (fo=3, routed)           0.833     5.374    Y_OBUF[4]_inst_i_2_n_0
    SLICE_X113Y55        LUT5 (Prop_lut5_I2_O)        0.150     5.524 r  Y_OBUF[6]_inst_i_2/O
                         net (fo=3, routed)           0.862     6.386    p4
    SLICE_X113Y55        LUT5 (Prop_lut5_I2_O)        0.354     6.740 r  Y_OBUF[8]_inst_i_2/O
                         net (fo=3, routed)           0.821     7.561    p6
    SLICE_X113Y57        LUT5 (Prop_lut5_I2_O)        0.332     7.893 r  Y_OBUF[10]_inst_i_2/O
                         net (fo=3, routed)           0.412     8.305    p8
    SLICE_X113Y59        LUT5 (Prop_lut5_I0_O)        0.118     8.423 r  Y_OBUF[10]_inst_i_1/O
                         net (fo=1, routed)           2.497    10.920    Y_OBUF[10]
    L21                  OBUF (Prop_obuf_I_O)         2.791    13.711 r  Y_OBUF[10]_inst/O
                         net (fo=0)                   0.000    13.711    Y[10]
    L21                                                               r  Y[10] (OUT)
  -------------------------------------------------------------------    -------------------

Slack:                    inf
  Source:                 b[1]
                            (input port)
  Destination:            Y[9]
                            (output port)
  Path Group:             (none)
  Path Type:              Max at Slow Process Corner
  Data Path Delay:        13.557ns  (logic 4.764ns (35.144%)  route 8.792ns (64.856%))
  Logic Levels:           8  (IBUF=1 LUT3=1 LUT5=4 LUT6=1 OBUF=1)

    Location             Delay type                Incr(ns)  Path(ns)    Netlist Resource(s)
  -------------------------------------------------------------------    -------------------
    AB15                                              0.000     0.000 r  b[1] (IN)
                         net (fo=0)                   0.000     0.000    b[1]
    AB15                 IBUF (Prop_ibuf_I_O)         0.958     0.958 r  b_IBUF[1]_inst/O
                         net (fo=5, routed)           2.670     3.628    b_IBUF[1]
    SLICE_X113Y56        LUT5 (Prop_lut5_I3_O)        0.124     3.752 r  Y_OBUF[4]_inst_i_3/O
                         net (fo=1, routed)           0.665     4.417    Y_OBUF[4]_inst_i_3_n_0
    SLICE_X113Y56        LUT6 (Prop_lut6_I0_O)        0.124     4.541 r  Y_OBUF[4]_inst_i_2/O
                         net (fo=3, routed)           0.833     5.374    Y_OBUF[4]_inst_i_2_n_0
    SLICE_X113Y55        LUT5 (Prop_lut5_I2_O)        0.150     5.524 r  Y_OBUF[6]_inst_i_2/O
                         net (fo=3, routed)           0.862     6.386    p4
    SLICE_X113Y55        LUT5 (Prop_lut5_I2_O)        0.354     6.740 r  Y_OBUF[8]_inst_i_2/O
                         net (fo=3, routed)           0.821     7.561    p6
    SLICE_X113Y57        LUT5 (Prop_lut5_I2_O)        0.332     7.893 r  Y_OBUF[10]_inst_i_2/O
                         net (fo=3, routed)           0.649     8.542    p8
    SLICE_X113Y59        LUT3 (Prop_lut3_I2_O)        0.124     8.666 r  Y_OBUF[9]_inst_i_1/O
                         net (fo=1, routed)           2.292    10.958    Y_OBUF[9]
    L22                  OBUF (Prop_obuf_I_O)         2.598    13.557 r  Y_OBUF[9]_inst/O
                         net (fo=0)                   0.000    13.557    Y[9]
    L22                                                               r  Y[9] (OUT)
  -------------------------------------------------------------------    -------------------

Slack:                    inf
  Source:                 b[1]
                            (input port)
  Destination:            Y[8]
                            (output port)
  Path Group:             (none)
  Path Type:              Max at Slow Process Corner
  Data Path Delay:        13.222ns  (logic 4.872ns (36.850%)  route 8.350ns (63.150%))
  Logic Levels:           7  (IBUF=1 LUT5=4 LUT6=1 OBUF=1)

    Location             Delay type                Incr(ns)  Path(ns)    Netlist Resource(s)
  -------------------------------------------------------------------    -------------------
    AB15                                              0.000     0.000 r  b[1] (IN)
                         net (fo=0)                   0.000     0.000    b[1]
    AB15                 IBUF (Prop_ibuf_I_O)         0.958     0.958 r  b_IBUF[1]_inst/O
                         net (fo=5, routed)           2.670     3.628    b_IBUF[1]
    SLICE_X113Y56        LUT5 (Prop_lut5_I3_O)        0.124     3.752 r  Y_OBUF[4]_inst_i_3/O
                         net (fo=1, routed)           0.665     4.417    Y_OBUF[4]_inst_i_3_n_0
    SLICE_X113Y56        LUT6 (Prop_lut6_I0_O)        0.124     4.541 r  Y_OBUF[4]_inst_i_2/O
                         net (fo=3, routed)           0.833     5.374    Y_OBUF[4]_inst_i_2_n_0
    SLICE_X113Y55        LUT5 (Prop_lut5_I2_O)        0.150     5.524 r  Y_OBUF[6]_inst_i_2/O
                         net (fo=3, routed)           0.862     6.386    p4
    SLICE_X113Y55        LUT5 (Prop_lut5_I2_O)        0.354     6.740 r  Y_OBUF[8]_inst_i_2/O
                         net (fo=3, routed)           0.821     7.561    p6
    SLICE_X113Y57        LUT5 (Prop_lut5_I0_O)        0.360     7.921 r  Y_OBUF[8]_inst_i_1/O
                         net (fo=1, routed)           2.498    10.419    Y_OBUF[8]
    K19                  OBUF (Prop_obuf_I_O)         2.802    13.222 r  Y_OBUF[8]_inst/O
                         net (fo=0)                   0.000    13.222    Y[8]
    K19                                                               r  Y[8] (OUT)
  -------------------------------------------------------------------    -------------------





Min Delay Paths
--------------------------------------------------------------------------------------
Slack:                    inf
  Source:                 a[4]
                            (input port)
  Destination:            Y[4]
                            (output port)
  Path Group:             (none)
  Path Type:              Min at Fast Process Corner
  Data Path Delay:        2.267ns  (logic 1.320ns (58.216%)  route 0.947ns (41.784%))
  Logic Levels:           3  (IBUF=1 LUT5=1 OBUF=1)

    Location             Delay type                Incr(ns)  Path(ns)    Netlist Resource(s)
  -------------------------------------------------------------------    -------------------
    R18                                               0.000     0.000 r  a[4] (IN)
                         net (fo=0)                   0.000     0.000    a[4]
    R18                  IBUF (Prop_ibuf_I_O)         0.173     0.173 r  a_IBUF[4]_inst/O
                         net (fo=2, routed)           0.359     0.532    a_IBUF[4]
    SLICE_X113Y55        LUT5 (Prop_lut5_I3_O)        0.045     0.577 r  Y_OBUF[4]_inst_i_1/O
                         net (fo=1, routed)           0.589     1.166    Y_OBUF[4]
    M19                  OBUF (Prop_obuf_I_O)         1.101     2.267 r  Y_OBUF[4]_inst/O
                         net (fo=0)                   0.000     2.267    Y[4]
    M19                                                               r  Y[4] (OUT)
  -------------------------------------------------------------------    -------------------

Slack:                    inf
  Source:                 a[3]
                            (input port)
  Destination:            Y[3]
                            (output port)
  Path Group:             (none)
  Path Type:              Min at Fast Process Corner
  Data Path Delay:        2.280ns  (logic 1.335ns (58.563%)  route 0.945ns (41.437%))
  Logic Levels:           3  (IBUF=1 LUT3=1 OBUF=1)

    Location             Delay type                Incr(ns)  Path(ns)    Netlist Resource(s)
  -------------------------------------------------------------------    -------------------
    T18                                               0.000     0.000 r  a[3] (IN)
                         net (fo=0)                   0.000     0.000    a[3]
    T18                  IBUF (Prop_ibuf_I_O)         0.183     0.183 r  a_IBUF[3]_inst/O
                         net (fo=3, routed)           0.359     0.542    a_IBUF[3]
    SLICE_X113Y55        LUT3 (Prop_lut3_I0_O)        0.045     0.587 r  Y_OBUF[3]_inst_i_1/O
                         net (fo=1, routed)           0.586     1.173    Y_OBUF[3]
    M20                  OBUF (Prop_obuf_I_O)         1.107     2.280 r  Y_OBUF[3]_inst/O
                         net (fo=0)                   0.000     2.280    Y[3]
    M20                                                               r  Y[3] (OUT)
  -------------------------------------------------------------------    -------------------

Slack:                    inf
  Source:                 a[1]
                            (input port)
  Destination:            Y[1]
                            (output port)
  Path Group:             (none)
  Path Type:              Min at Fast Process Corner
  Data Path Delay:        2.297ns  (logic 1.340ns (58.353%)  route 0.957ns (41.647%))
  Logic Levels:           3  (IBUF=1 LUT6=1 OBUF=1)

    Location             Delay type                Incr(ns)  Path(ns)    Netlist Resource(s)
  -------------------------------------------------------------------    -------------------
    R16                                               0.000     0.000 r  a[1] (IN)
                         net (fo=0)                   0.000     0.000    a[1]
    R16                  IBUF (Prop_ibuf_I_O)         0.187     0.187 r  a_IBUF[1]_inst/O
                         net (fo=5, routed)           0.432     0.619    a_IBUF[1]
    SLICE_X112Y56        LUT6 (Prop_lut6_I2_O)        0.045     0.664 r  Y_OBUF[1]_inst_i_1/O
                         net (fo=1, routed)           0.525     1.188    Y_OBUF[1]
    N20                  OBUF (Prop_obuf_I_O)         1.109     2.297 r  Y_OBUF[1]_inst/O
                         net (fo=0)                   0.000     2.297    Y[1]
    N20                                                               r  Y[1] (OUT)
  -------------------------------------------------------------------    -------------------

Slack:                    inf
  Source:                 a[9]
                            (input port)
  Destination:            Y[9]
                            (output port)
  Path Group:             (none)
  Path Type:              Min at Fast Process Corner
  Data Path Delay:        2.309ns  (logic 1.326ns (57.426%)  route 0.983ns (42.574%))
  Logic Levels:           3  (IBUF=1 LUT3=1 OBUF=1)

    Location             Delay type                Incr(ns)  Path(ns)    Netlist Resource(s)
  -------------------------------------------------------------------    -------------------
    P18                                               0.000     0.000 r  a[9] (IN)
                         net (fo=0)                   0.000     0.000    a[9]
    P18                  IBUF (Prop_ibuf_I_O)         0.165     0.165 r  a_IBUF[9]_inst/O
                         net (fo=3, routed)           0.388     0.553    a_IBUF[9]
    SLICE_X113Y59        LUT3 (Prop_lut3_I0_O)        0.045     0.598 r  Y_OBUF[9]_inst_i_1/O
                         net (fo=1, routed)           0.595     1.193    Y_OBUF[9]
    L22                  OBUF (Prop_obuf_I_O)         1.116     2.309 r  Y_OBUF[9]_inst/O
                         net (fo=0)                   0.000     2.309    Y[9]
    L22                                                               r  Y[9] (OUT)
  -------------------------------------------------------------------    -------------------

Slack:                    inf
  Source:                 a[6]
                            (input port)
  Destination:            Y[6]
                            (output port)
  Path Group:             (none)
  Path Type:              Min at Fast Process Corner
  Data Path Delay:        2.323ns  (logic 1.338ns (57.566%)  route 0.986ns (42.434%))
  Logic Levels:           3  (IBUF=1 LUT5=1 OBUF=1)

    Location             Delay type                Incr(ns)  Path(ns)    Netlist Resource(s)
  -------------------------------------------------------------------    -------------------
    R19                                               0.000     0.000 r  a[6] (IN)
                         net (fo=0)                   0.000     0.000    a[6]
    R19                  IBUF (Prop_ibuf_I_O)         0.181     0.181 r  a_IBUF[6]_inst/O
                         net (fo=2, routed)           0.360     0.540    a_IBUF[6]
    SLICE_X113Y55        LUT5 (Prop_lut5_I3_O)        0.045     0.585 r  Y_OBUF[6]_inst_i_1/O
                         net (fo=1, routed)           0.626     1.212    Y_OBUF[6]
    L18                  OBUF (Prop_obuf_I_O)         1.112     2.323 r  Y_OBUF[6]_inst/O
                         net (fo=0)                   0.000     2.323    Y[6]
    L18                                                               r  Y[6] (OUT)
  -------------------------------------------------------------------    -------------------

Slack:                    inf
  Source:                 a[11]
                            (input port)
  Destination:            Y[11]
                            (output port)
  Path Group:             (none)
  Path Type:              Min at Fast Process Corner
  Data Path Delay:        2.332ns  (logic 1.326ns (56.866%)  route 1.006ns (43.134%))
  Logic Levels:           3  (IBUF=1 LUT3=1 OBUF=1)

    Location             Delay type                Incr(ns)  Path(ns)    Netlist Resource(s)
  -------------------------------------------------------------------    -------------------
    P15                                               0.000     0.000 r  a[11] (IN)
                         net (fo=0)                   0.000     0.000    a[11]
    P15                  IBUF (Prop_ibuf_I_O)         0.163     0.163 r  a_IBUF[11]_inst/O
                         net (fo=3, routed)           0.388     0.551    a_IBUF[11]
    SLICE_X113Y61        LUT3 (Prop_lut3_I0_O)        0.045     0.596 r  Y_OBUF[11]_inst_i_1/O
                         net (fo=1, routed)           0.618     1.214    Y_OBUF[11]
    K21                  OBUF (Prop_obuf_I_O)         1.118     2.332 r  Y_OBUF[11]_inst/O
                         net (fo=0)                   0.000     2.332    Y[11]
    K21                                                               r  Y[11] (OUT)
  -------------------------------------------------------------------    -------------------

Slack:                    inf
  Source:                 a[13]
                            (input port)
  Destination:            Y[13]
                            (output port)
  Path Group:             (none)
  Path Type:              Min at Fast Process Corner
  Data Path Delay:        2.344ns  (logic 1.361ns (58.066%)  route 0.983ns (41.934%))
  Logic Levels:           3  (IBUF=1 LUT3=1 OBUF=1)

    Location             Delay type                Incr(ns)  Path(ns)    Netlist Resource(s)
  -------------------------------------------------------------------    -------------------
    P21                                               0.000     0.000 r  a[13] (IN)
                         net (fo=0)                   0.000     0.000    a[13]
    P21                  IBUF (Prop_ibuf_I_O)         0.179     0.179 r  a_IBUF[13]_inst/O
                         net (fo=3, routed)           0.388     0.567    a_IBUF[13]
    SLICE_X113Y63        LUT3 (Prop_lut3_I0_O)        0.045     0.612 r  Y_OBUF[13]_inst_i_1/O
                         net (fo=1, routed)           0.595     1.207    Y_OBUF[13]
    J22                  OBUF (Prop_obuf_I_O)         1.137     2.344 r  Y_OBUF[13]_inst/O
                         net (fo=0)                   0.000     2.344    Y[13]
    J22                                                               r  Y[13] (OUT)
  -------------------------------------------------------------------    -------------------

Slack:                    inf
  Source:                 a[11]
                            (input port)
  Destination:            Y[12]
                            (output port)
  Path Group:             (none)
  Path Type:              Min at Fast Process Corner
  Data Path Delay:        2.349ns  (logic 1.327ns (56.478%)  route 1.023ns (43.522%))
  Logic Levels:           3  (IBUF=1 LUT5=1 OBUF=1)

    Location             Delay type                Incr(ns)  Path(ns)    Netlist Resource(s)
  -------------------------------------------------------------------    -------------------
    P15                                               0.000     0.000 r  a[11] (IN)
                         net (fo=0)                   0.000     0.000    a[11]
    P15                  IBUF (Prop_ibuf_I_O)         0.163     0.163 r  a_IBUF[11]_inst/O
                         net (fo=3, routed)           0.388     0.551    a_IBUF[11]
    SLICE_X113Y61        LUT5 (Prop_lut5_I1_O)        0.045     0.596 r  Y_OBUF[12]_inst_i_1/O
                         net (fo=1, routed)           0.635     1.230    Y_OBUF[12]
    J20                  OBUF (Prop_obuf_I_O)         1.119     2.349 r  Y_OBUF[12]_inst/O
                         net (fo=0)                   0.000     2.349    Y[12]
    J20                                                               r  Y[12] (OUT)
  -------------------------------------------------------------------    -------------------

Slack:                    inf
  Source:                 a[13]
                            (input port)
  Destination:            Y[14]
                            (output port)
  Path Group:             (none)
  Path Type:              Min at Fast Process Corner
  Data Path Delay:        2.368ns  (logic 1.345ns (56.814%)  route 1.023ns (43.186%))
  Logic Levels:           3  (IBUF=1 LUT5=1 OBUF=1)

    Location             Delay type                Incr(ns)  Path(ns)    Netlist Resource(s)
  -------------------------------------------------------------------    -------------------
    P21                                               0.000     0.000 r  a[13] (IN)
                         net (fo=0)                   0.000     0.000    a[13]
    P21                  IBUF (Prop_ibuf_I_O)         0.179     0.179 r  a_IBUF[13]_inst/O
                         net (fo=3, routed)           0.388     0.567    a_IBUF[13]
    SLICE_X113Y63        LUT5 (Prop_lut5_I1_O)        0.045     0.612 r  Y_OBUF[14]_inst_i_1/O
                         net (fo=1, routed)           0.635     1.247    Y_OBUF[14]
    J21                  OBUF (Prop_obuf_I_O)         1.121     2.368 r  Y_OBUF[14]_inst/O
                         net (fo=0)                   0.000     2.368    Y[14]
    J21                                                               r  Y[14] (OUT)
  -------------------------------------------------------------------    -------------------

Slack:                    inf
  Source:                 a[15]
                            (input port)
  Destination:            Y[15]
                            (output port)
  Path Group:             (none)
  Path Type:              Min at Fast Process Corner
  Data Path Delay:        2.373ns  (logic 1.368ns (57.652%)  route 1.005ns (42.348%))
  Logic Levels:           3  (IBUF=1 LUT3=1 OBUF=1)

    Location             Delay type                Incr(ns)  Path(ns)    Netlist Resource(s)
  -------------------------------------------------------------------    -------------------
    R21                                               0.000     0.000 r  a[15] (IN)
                         net (fo=0)                   0.000     0.000    a[15]
    R21                  IBUF (Prop_ibuf_I_O)         0.203     0.203 r  a_IBUF[15]_inst/O
                         net (fo=3, routed)           0.388     0.591    a_IBUF[15]
    SLICE_X113Y65        LUT3 (Prop_lut3_I0_O)        0.045     0.636 r  Y_OBUF[15]_inst_i_1/O
                         net (fo=1, routed)           0.617     1.254    Y_OBUF[15]
    K18                  OBUF (Prop_obuf_I_O)         1.120     2.373 r  Y_OBUF[15]_inst/O
                         net (fo=0)                   0.000     2.373    Y[15]
    K18                                                               r  Y[15] (OUT)
  -------------------------------------------------------------------    -------------------





