
*** Running vivado
    with args -log R_adder_seventeen.vdi -applog -m64 -product Vivado -messageDb vivado.pb -mode batch -source R_adder_seventeen.tcl -notrace



****** Vivado v2022.2 (64-bit)
  **** SW Build 3671981 on Fri Oct 14 05:00:03 MDT 2022
  **** IP Build 3669848 on Fri Oct 14 08:30:02 MDT 2022
    ** Copyright 1986-2022 Xilinx, Inc. All Rights Reserved.

source R_adder_seventeen.tcl -notrace
Command: link_design -top R_adder_seventeen -part xc7z020clg484-1
Design is defaulting to srcset: sources_1
Design is defaulting to constrset: constrs_1
INFO: [Device 21-403] Loading part xc7z020clg484-1
Netlist sorting complete. Time (s): cpu = 00:00:00 ; elapsed = 00:00:00 . Memory (MB): peak = 827.027 ; gain = 0.000
INFO: [Project 1-479] Netlist was created with Vivado 2022.2
INFO: [Project 1-570] Preparing netlist for logic optimization
Parsing XDC File [C:/Users/abhi/OneDrive/Desktop/project/half_adder/half_adder.srcs/constrs_1/new/power.xdc]
Finished Parsing XDC File [C:/Users/abhi/OneDrive/Desktop/project/half_adder/half_adder.srcs/constrs_1/new/power.xdc]
INFO: [Opt 31-138] Pushed 0 inverter(s) to 0 load pin(s).
Netlist sorting complete. Time (s): cpu = 00:00:00 ; elapsed = 00:00:00 . Memory (MB): peak = 960.188 ; gain = 0.000
INFO: [Project 1-111] Unisim Transformation Summary:
No Unisim elements were transformed.

5 Infos, 0 Warnings, 0 Critical Warnings and 0 Errors encountered.
link_design completed successfully
link_design: Time (s): cpu = 00:00:05 ; elapsed = 00:00:06 . Memory (MB): peak = 964.223 ; gain = 564.578
Command: opt_design
Attempting to get a license for feature 'Implementation' and/or device 'xc7z020'
INFO: [Common 17-349] Got license for feature 'Implementation' and/or device 'xc7z020'
Running DRC as a precondition to command opt_design

Starting DRC Task
INFO: [DRC 23-27] Running DRC with 2 threads
INFO: [Project 1-461] DRC finished with 0 Errors
INFO: [Project 1-462] Please refer to the DRC report (report_drc) for more information.

Time (s): cpu = 00:00:02 ; elapsed = 00:00:00.920 . Memory (MB): peak = 984.180 ; gain = 19.957

Starting Cache Timing Information Task
INFO: [Timing 38-35] Done setting XDC timing constraints.
Ending Cache Timing Information Task | Checksum: 14de67fb4

Time (s): cpu = 00:00:06 ; elapsed = 00:00:07 . Memory (MB): peak = 1529.277 ; gain = 545.098

Starting Logic Optimization Task

Phase 1 Retarget
INFO: [Opt 31-138] Pushed 0 inverter(s) to 0 load pin(s).
INFO: [Opt 31-49] Retargeted 0 cell(s).
Phase 1 Retarget | Checksum: 14de67fb4

Time (s): cpu = 00:00:00 ; elapsed = 00:00:00.018 . Memory (MB): peak = 1864.641 ; gain = 0.000
INFO: [Opt 31-389] Phase Retarget created 0 cells and removed 0 cells

Phase 2 Constant propagation
INFO: [Opt 31-138] Pushed 0 inverter(s) to 0 load pin(s).
Phase 2 Constant propagation | Checksum: 14de67fb4

Time (s): cpu = 00:00:00 ; elapsed = 00:00:00.019 . Memory (MB): peak = 1864.641 ; gain = 0.000
INFO: [Opt 31-389] Phase Constant propagation created 0 cells and removed 0 cells

Phase 3 Sweep
Phase 3 Sweep | Checksum: 14de67fb4

Time (s): cpu = 00:00:00 ; elapsed = 00:00:00.022 . Memory (MB): peak = 1864.641 ; gain = 0.000
INFO: [Opt 31-389] Phase Sweep created 0 cells and removed 0 cells

Phase 4 BUFG optimization
Phase 4 BUFG optimization | Checksum: 14de67fb4

Time (s): cpu = 00:00:00 ; elapsed = 00:00:00.047 . Memory (MB): peak = 1864.641 ; gain = 0.000
INFO: [Opt 31-662] Phase BUFG optimization created 0 cells of which 0 are BUFGs and removed 0 cells.

Phase 5 Shift Register Optimization
INFO: [Opt 31-1064] SRL Remap converted 0 SRLs to 0 registers and converted 0 registers of register chains to 0 SRLs
Phase 5 Shift Register Optimization | Checksum: 14de67fb4

Time (s): cpu = 00:00:00 ; elapsed = 00:00:00.048 . Memory (MB): peak = 1864.641 ; gain = 0.000
INFO: [Opt 31-389] Phase Shift Register Optimization created 0 cells and removed 0 cells

Phase 6 Post Processing Netlist
Phase 6 Post Processing Netlist | Checksum: 14de67fb4

Time (s): cpu = 00:00:00 ; elapsed = 00:00:00.050 . Memory (MB): peak = 1864.641 ; gain = 0.000
INFO: [Opt 31-389] Phase Post Processing Netlist created 0 cells and removed 0 cells
Opt_design Change Summary
=========================


-------------------------------------------------------------------------------------------------------------------------
|  Phase                        |  #Cells created  |  #Cells Removed  |  #Constrained objects preventing optimizations  |
-------------------------------------------------------------------------------------------------------------------------
|  Retarget                     |               0  |               0  |                                              0  |
|  Constant propagation         |               0  |               0  |                                              0  |
|  Sweep                        |               0  |               0  |                                              0  |
|  BUFG optimization            |               0  |               0  |                                              0  |
|  Shift Register Optimization  |               0  |               0  |                                              0  |
|  Post Processing Netlist      |               0  |               0  |                                              0  |
-------------------------------------------------------------------------------------------------------------------------



Starting Connectivity Check Task

Time (s): cpu = 00:00:00 ; elapsed = 00:00:00.001 . Memory (MB): peak = 1864.641 ; gain = 0.000
Ending Logic Optimization Task | Checksum: 14de67fb4

Time (s): cpu = 00:00:00 ; elapsed = 00:00:00.052 . Memory (MB): peak = 1864.641 ; gain = 0.000

Starting Power Optimization Task
INFO: [Pwropt 34-132] Skipping clock gating for clocks with a period < 2.00 ns.
Ending Power Optimization Task | Checksum: 14de67fb4

Time (s): cpu = 00:00:00 ; elapsed = 00:00:00.010 . Memory (MB): peak = 1864.641 ; gain = 0.000

Starting Final Cleanup Task
Ending Final Cleanup Task | Checksum: 14de67fb4

Time (s): cpu = 00:00:00 ; elapsed = 00:00:00 . Memory (MB): peak = 1864.641 ; gain = 0.000

Starting Netlist Obfuscation Task
Netlist sorting complete. Time (s): cpu = 00:00:00 ; elapsed = 00:00:00.001 . Memory (MB): peak = 1864.641 ; gain = 0.000
Ending Netlist Obfuscation Task | Checksum: 14de67fb4

Time (s): cpu = 00:00:00 ; elapsed = 00:00:00.001 . Memory (MB): peak = 1864.641 ; gain = 0.000
INFO: [Common 17-83] Releasing license: Implementation
22 Infos, 0 Warnings, 0 Critical Warnings and 0 Errors encountered.
opt_design completed successfully
opt_design: Time (s): cpu = 00:00:10 ; elapsed = 00:00:11 . Memory (MB): peak = 1864.641 ; gain = 900.418
INFO: [Timing 38-480] Writing timing data to binary archive.
INFO: [Common 17-1381] The checkpoint 'C:/Users/abhi/OneDrive/Desktop/project/half_adder/half_adder.runs/impl_1/R_adder_seventeen_opt.dcp' has been generated.
INFO: [runtcl-4] Executing : report_drc -file R_adder_seventeen_drc_opted.rpt -pb R_adder_seventeen_drc_opted.pb -rpx R_adder_seventeen_drc_opted.rpx
Command: report_drc -file R_adder_seventeen_drc_opted.rpt -pb R_adder_seventeen_drc_opted.pb -rpx R_adder_seventeen_drc_opted.rpx
INFO: [IP_Flow 19-234] Refreshing IP repositories
INFO: [IP_Flow 19-1704] No user IP repositories specified
INFO: [IP_Flow 19-2313] Loaded Vivado IP repository 'C:/Xilinx/Vivado/2022.2/data/ip'.
INFO: [DRC 23-27] Running DRC with 2 threads
INFO: [Vivado_Tcl 2-168] The results of DRC are in file C:/Users/abhi/OneDrive/Desktop/project/half_adder/half_adder.runs/impl_1/R_adder_seventeen_drc_opted.rpt.
report_drc completed successfully
Command: place_design
Attempting to get a license for feature 'Implementation' and/or device 'xc7z020'
INFO: [Common 17-349] Got license for feature 'Implementation' and/or device 'xc7z020'
INFO: [DRC 23-27] Running DRC with 2 threads
INFO: [Vivado_Tcl 4-198] DRC finished with 0 Errors
INFO: [Vivado_Tcl 4-199] Please refer to the DRC report (report_drc) for more information.
Running DRC as a precondition to command place_design
INFO: [DRC 23-27] Running DRC with 2 threads
INFO: [Vivado_Tcl 4-198] DRC finished with 0 Errors
INFO: [Vivado_Tcl 4-199] Please refer to the DRC report (report_drc) for more information.

Starting Placer Task
INFO: [Place 30-611] Multithreading enabled for place_design using a maximum of 2 CPUs

Phase 1 Placer Initialization

Phase 1.1 Placer Initialization Netlist Sorting
Netlist sorting complete. Time (s): cpu = 00:00:00 ; elapsed = 00:00:00 . Memory (MB): peak = 1864.641 ; gain = 0.000
Phase 1.1 Placer Initialization Netlist Sorting | Checksum: 934dce3e

Time (s): cpu = 00:00:00 ; elapsed = 00:00:00.035 . Memory (MB): peak = 1864.641 ; gain = 0.000
Netlist sorting complete. Time (s): cpu = 00:00:00 ; elapsed = 00:00:00.001 . Memory (MB): peak = 1864.641 ; gain = 0.000

Phase 1.2 IO Placement/ Clock Placement/ Build Placer Device
INFO: [Timing 38-35] Done setting XDC timing constraints.
Phase 1.2 IO Placement/ Clock Placement/ Build Placer Device | Checksum: 98959fca

Time (s): cpu = 00:00:01 ; elapsed = 00:00:00.319 . Memory (MB): peak = 1864.641 ; gain = 0.000

Phase 1.3 Build Placer Netlist Model
Phase 1.3 Build Placer Netlist Model | Checksum: 10ec7fa95

Time (s): cpu = 00:00:01 ; elapsed = 00:00:00.394 . Memory (MB): peak = 1864.641 ; gain = 0.000

Phase 1.4 Constrain Clocks/Macros
Phase 1.4 Constrain Clocks/Macros | Checksum: 10ec7fa95

Time (s): cpu = 00:00:01 ; elapsed = 00:00:00.404 . Memory (MB): peak = 1864.641 ; gain = 0.000
Phase 1 Placer Initialization | Checksum: 10ec7fa95

Time (s): cpu = 00:00:01 ; elapsed = 00:00:00.411 . Memory (MB): peak = 1864.641 ; gain = 0.000

Phase 2 Global Placement

Phase 2.1 Floorplanning
Phase 2.1 Floorplanning | Checksum: 10ec7fa95

Time (s): cpu = 00:00:01 ; elapsed = 00:00:00.431 . Memory (MB): peak = 1864.641 ; gain = 0.000

Phase 2.2 Update Timing before SLR Path Opt
Phase 2.2 Update Timing before SLR Path Opt | Checksum: 10ec7fa95

Time (s): cpu = 00:00:01 ; elapsed = 00:00:00.432 . Memory (MB): peak = 1864.641 ; gain = 0.000

Phase 2.3 Post-Processing in Floorplanning
Phase 2.3 Post-Processing in Floorplanning | Checksum: 10ec7fa95

Time (s): cpu = 00:00:01 ; elapsed = 00:00:00.433 . Memory (MB): peak = 1864.641 ; gain = 0.000

Phase 2.4 Global Placement Core
WARNING: [Place 46-29] Timing had been disabled during Placer and, therefore, physical synthesis in Placer will be skipped.
Phase 2.4 Global Placement Core | Checksum: fff2402f

Time (s): cpu = 00:00:01 ; elapsed = 00:00:00.854 . Memory (MB): peak = 1864.641 ; gain = 0.000
Phase 2 Global Placement | Checksum: fff2402f

Time (s): cpu = 00:00:01 ; elapsed = 00:00:00.857 . Memory (MB): peak = 1864.641 ; gain = 0.000

Phase 3 Detail Placement

Phase 3.1 Commit Multi Column Macros
Phase 3.1 Commit Multi Column Macros | Checksum: fff2402f

Time (s): cpu = 00:00:01 ; elapsed = 00:00:00.861 . Memory (MB): peak = 1864.641 ; gain = 0.000

Phase 3.2 Commit Most Macros & LUTRAMs
Phase 3.2 Commit Most Macros & LUTRAMs | Checksum: 186dd82e9

Time (s): cpu = 00:00:01 ; elapsed = 00:00:00.865 . Memory (MB): peak = 1864.641 ; gain = 0.000

Phase 3.3 Area Swap Optimization
Phase 3.3 Area Swap Optimization | Checksum: 11122be1e

Time (s): cpu = 00:00:01 ; elapsed = 00:00:00.874 . Memory (MB): peak = 1864.641 ; gain = 0.000

Phase 3.4 Pipeline Register Optimization
Phase 3.4 Pipeline Register Optimization | Checksum: 11122be1e

Time (s): cpu = 00:00:01 ; elapsed = 00:00:00.875 . Memory (MB): peak = 1864.641 ; gain = 0.000

Phase 3.5 Small Shape Detail Placement
Phase 3.5 Small Shape Detail Placement | Checksum: 1be649aed

Time (s): cpu = 00:00:01 ; elapsed = 00:00:00.987 . Memory (MB): peak = 1864.641 ; gain = 0.000

Phase 3.6 Re-assign LUT pins
Phase 3.6 Re-assign LUT pins | Checksum: 1be649aed

Time (s): cpu = 00:00:01 ; elapsed = 00:00:00.991 . Memory (MB): peak = 1864.641 ; gain = 0.000

Phase 3.7 Pipeline Register Optimization
Phase 3.7 Pipeline Register Optimization | Checksum: 1be649aed

Time (s): cpu = 00:00:01 ; elapsed = 00:00:00.992 . Memory (MB): peak = 1864.641 ; gain = 0.000
Phase 3 Detail Placement | Checksum: 1be649aed

Time (s): cpu = 00:00:01 ; elapsed = 00:00:00.993 . Memory (MB): peak = 1864.641 ; gain = 0.000

Phase 4 Post Placement Optimization and Clean-Up

Phase 4.1 Post Commit Optimization
Phase 4.1 Post Commit Optimization | Checksum: 1be649aed

Time (s): cpu = 00:00:01 ; elapsed = 00:00:01 . Memory (MB): peak = 1864.641 ; gain = 0.000

Phase 4.2 Post Placement Cleanup
Phase 4.2 Post Placement Cleanup | Checksum: 1be649aed

Time (s): cpu = 00:00:01 ; elapsed = 00:00:01 . Memory (MB): peak = 1864.641 ; gain = 0.000

Phase 4.3 Placer Reporting

Phase 4.3.1 Print Estimated Congestion
INFO: [Place 30-612] Post-Placement Estimated Congestion 
 ____________________________________________________
|           | Global Congestion | Short Congestion  |
| Direction | Region Size       | Region Size       |
|___________|___________________|___________________|
|      North|                1x1|                1x1|
|___________|___________________|___________________|
|      South|                1x1|                1x1|
|___________|___________________|___________________|
|       East|                1x1|                1x1|
|___________|___________________|___________________|
|       West|                1x1|                1x1|
|___________|___________________|___________________|

Phase 4.3.1 Print Estimated Congestion | Checksum: 1be649aed

Time (s): cpu = 00:00:01 ; elapsed = 00:00:01 . Memory (MB): peak = 1864.641 ; gain = 0.000
Phase 4.3 Placer Reporting | Checksum: 1be649aed

Time (s): cpu = 00:00:01 ; elapsed = 00:00:01 . Memory (MB): peak = 1864.641 ; gain = 0.000

Phase 4.4 Final Placement Cleanup
Netlist sorting complete. Time (s): cpu = 00:00:00 ; elapsed = 00:00:00 . Memory (MB): peak = 1864.641 ; gain = 0.000

Time (s): cpu = 00:00:01 ; elapsed = 00:00:01 . Memory (MB): peak = 1864.641 ; gain = 0.000
Phase 4 Post Placement Optimization and Clean-Up | Checksum: 1be649aed

Time (s): cpu = 00:00:01 ; elapsed = 00:00:01 . Memory (MB): peak = 1864.641 ; gain = 0.000
Ending Placer Task | Checksum: 140998212

Time (s): cpu = 00:00:01 ; elapsed = 00:00:01 . Memory (MB): peak = 1864.641 ; gain = 0.000
INFO: [Common 17-83] Releasing license: Implementation
41 Infos, 1 Warnings, 0 Critical Warnings and 0 Errors encountered.
place_design completed successfully
INFO: [Timing 38-480] Writing timing data to binary archive.
Writing XDEF routing.
Writing XDEF routing logical nets.
Writing XDEF routing special nets.
Write XDEF Complete: Time (s): cpu = 00:00:00 ; elapsed = 00:00:00.052 . Memory (MB): peak = 1864.641 ; gain = 0.000
INFO: [Common 17-1381] The checkpoint 'C:/Users/abhi/OneDrive/Desktop/project/half_adder/half_adder.runs/impl_1/R_adder_seventeen_placed.dcp' has been generated.
INFO: [runtcl-4] Executing : report_io -file R_adder_seventeen_io_placed.rpt
report_io: Time (s): cpu = 00:00:00 ; elapsed = 00:00:00.074 . Memory (MB): peak = 1864.641 ; gain = 0.000
INFO: [runtcl-4] Executing : report_utilization -file R_adder_seventeen_utilization_placed.rpt -pb R_adder_seventeen_utilization_placed.pb
INFO: [runtcl-4] Executing : report_control_sets -verbose -file R_adder_seventeen_control_sets_placed.rpt
report_control_sets: Time (s): cpu = 00:00:00 ; elapsed = 00:00:00.002 . Memory (MB): peak = 1864.641 ; gain = 0.000
Command: phys_opt_design
Attempting to get a license for feature 'Implementation' and/or device 'xc7z020'
INFO: [Common 17-349] Got license for feature 'Implementation' and/or device 'xc7z020'

Starting Initial Update Timing Task

Time (s): cpu = 00:00:00 ; elapsed = 00:00:00.010 . Memory (MB): peak = 1866.648 ; gain = 2.008
INFO: [Vivado_Tcl 4-235] No timing constraint found. The netlist was not modified.
INFO: [Common 17-83] Releasing license: Implementation
49 Infos, 1 Warnings, 0 Critical Warnings and 0 Errors encountered.
phys_opt_design completed successfully
INFO: [Timing 38-480] Writing timing data to binary archive.
Writing XDEF routing.
Writing XDEF routing logical nets.
Writing XDEF routing special nets.
Write XDEF Complete: Time (s): cpu = 00:00:00 ; elapsed = 00:00:00.052 . Memory (MB): peak = 1884.492 ; gain = 17.844
INFO: [Common 17-1381] The checkpoint 'C:/Users/abhi/OneDrive/Desktop/project/half_adder/half_adder.runs/impl_1/R_adder_seventeen_physopt.dcp' has been generated.
Command: route_design
Attempting to get a license for feature 'Implementation' and/or device 'xc7z020'
INFO: [Common 17-349] Got license for feature 'Implementation' and/or device 'xc7z020'
Running DRC as a precondition to command route_design
INFO: [DRC 23-27] Running DRC with 2 threads
INFO: [Vivado_Tcl 4-198] DRC finished with 0 Errors
INFO: [Vivado_Tcl 4-199] Please refer to the DRC report (report_drc) for more information.


Starting Routing Task
INFO: [Route 35-254] Multithreading enabled for route_design using a maximum of 2 CPUs

Phase 1 Build RT Design
Checksum: PlaceDB: ad4bb3d4 ConstDB: 0 ShapeSum: 934dce3e RouteDB: 0
Post Restoration Checksum: NetGraph: b0f0b61f NumContArr: 78fc10d9 Constraints: 0 Timing: 0
Phase 1 Build RT Design | Checksum: 129ecc6f8

Time (s): cpu = 00:00:21 ; elapsed = 00:00:19 . Memory (MB): peak = 1979.562 ; gain = 85.930

Phase 2 Router Initialization

Phase 2.1 Fix Topology Constraints
Phase 2.1 Fix Topology Constraints | Checksum: 129ecc6f8

Time (s): cpu = 00:00:21 ; elapsed = 00:00:19 . Memory (MB): peak = 1986.168 ; gain = 92.535

Phase 2.2 Pre Route Cleanup
Phase 2.2 Pre Route Cleanup | Checksum: 129ecc6f8

Time (s): cpu = 00:00:21 ; elapsed = 00:00:19 . Memory (MB): peak = 1986.168 ; gain = 92.535
 Number of Nodes with overlaps = 0

Phase 2.3 Update Timing
Phase 2.3 Update Timing | Checksum: 8683ce17

Time (s): cpu = 00:00:21 ; elapsed = 00:00:19 . Memory (MB): peak = 1994.184 ; gain = 100.551

Router Utilization Summary
  Global Vertical Routing Utilization    = 0 %
  Global Horizontal Routing Utilization  = 0 %
  Routable Net Status*
  *Does not include unroutable nets such as driverless and loadless.
  Run report_route_status for detailed report.
  Number of Failed Nets               = 72
    (Failed Nets is the sum of unrouted and partially routed nets)
  Number of Unrouted Nets             = 72
  Number of Partially Routed Nets     = 0
  Number of Node Overlaps             = 0

Phase 2 Router Initialization | Checksum: 8683ce17

Time (s): cpu = 00:00:22 ; elapsed = 00:00:20 . Memory (MB): peak = 1995.316 ; gain = 101.684

Phase 3 Initial Routing

Phase 3.1 Global Routing
Phase 3.1 Global Routing | Checksum: 8683ce17

Time (s): cpu = 00:00:22 ; elapsed = 00:00:20 . Memory (MB): peak = 1995.316 ; gain = 101.684
Phase 3 Initial Routing | Checksum: d3a96d2e

Time (s): cpu = 00:00:22 ; elapsed = 00:00:20 . Memory (MB): peak = 1995.316 ; gain = 101.684

Phase 4 Rip-up And Reroute

Phase 4.1 Global Iteration 0

Phase 4.1.1 Update Timing
Phase 4.1.1 Update Timing | Checksum: d3a96d2e

Time (s): cpu = 00:00:22 ; elapsed = 00:00:20 . Memory (MB): peak = 1995.316 ; gain = 101.684
WARNING: [Route 35-447] Congestion is preventing the router from routing all nets. The router will prioritize the successful completion of routing all nets over timing optimizations.
Phase 4.1 Global Iteration 0 | Checksum: d3a96d2e

Time (s): cpu = 00:00:22 ; elapsed = 00:00:20 . Memory (MB): peak = 1995.316 ; gain = 101.684

Phase 4.2 Global Iteration 1
 Number of Nodes with overlaps = 2
 Number of Nodes with overlaps = 0
Phase 4.2 Global Iteration 1 | Checksum: 13a8fdf9d

Time (s): cpu = 00:00:22 ; elapsed = 00:00:20 . Memory (MB): peak = 1995.316 ; gain = 101.684
Phase 4 Rip-up And Reroute | Checksum: 13a8fdf9d

Time (s): cpu = 00:00:22 ; elapsed = 00:00:20 . Memory (MB): peak = 1995.316 ; gain = 101.684

Phase 5 Delay and Skew Optimization

Phase 5.1 Delay CleanUp
Phase 5.1 Delay CleanUp | Checksum: 13a8fdf9d

Time (s): cpu = 00:00:22 ; elapsed = 00:00:20 . Memory (MB): peak = 1995.316 ; gain = 101.684

Phase 5.2 Clock Skew Optimization
Phase 5.2 Clock Skew Optimization | Checksum: 13a8fdf9d

Time (s): cpu = 00:00:22 ; elapsed = 00:00:20 . Memory (MB): peak = 1995.316 ; gain = 101.684
Phase 5 Delay and Skew Optimization | Checksum: 13a8fdf9d

Time (s): cpu = 00:00:22 ; elapsed = 00:00:20 . Memory (MB): peak = 1995.316 ; gain = 101.684

Phase 6 Post Hold Fix

Phase 6.1 Hold Fix Iter

Phase 6.1.1 Update Timing
Phase 6.1.1 Update Timing | Checksum: 13a8fdf9d

Time (s): cpu = 00:00:22 ; elapsed = 00:00:20 . Memory (MB): peak = 1995.316 ; gain = 101.684
Phase 6.1 Hold Fix Iter | Checksum: 13a8fdf9d

Time (s): cpu = 00:00:22 ; elapsed = 00:00:20 . Memory (MB): peak = 1995.316 ; gain = 101.684
Phase 6 Post Hold Fix | Checksum: 13a8fdf9d

Time (s): cpu = 00:00:22 ; elapsed = 00:00:20 . Memory (MB): peak = 1995.316 ; gain = 101.684

Phase 7 Route finalize

Router Utilization Summary
  Global Vertical Routing Utilization    = 0.0989438 %
  Global Horizontal Routing Utilization  = 0.0115788 %
  Routable Net Status*
  *Does not include unroutable nets such as driverless and loadless.
  Run report_route_status for detailed report.
  Number of Failed Nets               = 0
    (Failed Nets is the sum of unrouted and partially routed nets)
  Number of Unrouted Nets             = 0
  Number of Partially Routed Nets     = 0
  Number of Node Overlaps             = 0

Phase 7 Route finalize | Checksum: 13a8fdf9d

Time (s): cpu = 00:00:22 ; elapsed = 00:00:20 . Memory (MB): peak = 1995.316 ; gain = 101.684

Phase 8 Verifying routed nets

 Verification completed successfully
Phase 8 Verifying routed nets | Checksum: 13a8fdf9d

Time (s): cpu = 00:00:22 ; elapsed = 00:00:20 . Memory (MB): peak = 1995.316 ; gain = 101.684

Phase 9 Depositing Routes
Phase 9 Depositing Routes | Checksum: 138047d18

Time (s): cpu = 00:00:22 ; elapsed = 00:00:20 . Memory (MB): peak = 1995.316 ; gain = 101.684

Phase 10 Post Router Timing
Phase 10 Post Router Timing | Checksum: 138047d18

Time (s): cpu = 00:00:22 ; elapsed = 00:00:20 . Memory (MB): peak = 1995.316 ; gain = 101.684
INFO: [Route 35-16] Router Completed Successfully

Time (s): cpu = 00:00:22 ; elapsed = 00:00:20 . Memory (MB): peak = 1995.316 ; gain = 101.684

Routing Is Done.
INFO: [Common 17-83] Releasing license: Implementation
58 Infos, 2 Warnings, 0 Critical Warnings and 0 Errors encountered.
route_design completed successfully
route_design: Time (s): cpu = 00:00:23 ; elapsed = 00:00:21 . Memory (MB): peak = 1995.316 ; gain = 110.824
INFO: [Timing 38-480] Writing timing data to binary archive.
Writing XDEF routing.
Writing XDEF routing logical nets.
Writing XDEF routing special nets.
Write XDEF Complete: Time (s): cpu = 00:00:00 ; elapsed = 00:00:00.055 . Memory (MB): peak = 2004.938 ; gain = 9.621
INFO: [Common 17-1381] The checkpoint 'C:/Users/abhi/OneDrive/Desktop/project/half_adder/half_adder.runs/impl_1/R_adder_seventeen_routed.dcp' has been generated.
INFO: [runtcl-4] Executing : report_drc -file R_adder_seventeen_drc_routed.rpt -pb R_adder_seventeen_drc_routed.pb -rpx R_adder_seventeen_drc_routed.rpx
Command: report_drc -file R_adder_seventeen_drc_routed.rpt -pb R_adder_seventeen_drc_routed.pb -rpx R_adder_seventeen_drc_routed.rpx
INFO: [IP_Flow 19-1839] IP Catalog is up to date.
INFO: [DRC 23-27] Running DRC with 2 threads
INFO: [Vivado_Tcl 2-168] The results of DRC are in file C:/Users/abhi/OneDrive/Desktop/project/half_adder/half_adder.runs/impl_1/R_adder_seventeen_drc_routed.rpt.
report_drc completed successfully
INFO: [runtcl-4] Executing : report_methodology -file R_adder_seventeen_methodology_drc_routed.rpt -pb R_adder_seventeen_methodology_drc_routed.pb -rpx R_adder_seventeen_methodology_drc_routed.rpx
Command: report_methodology -file R_adder_seventeen_methodology_drc_routed.rpt -pb R_adder_seventeen_methodology_drc_routed.pb -rpx R_adder_seventeen_methodology_drc_routed.rpx
INFO: [Timing 38-35] Done setting XDC timing constraints.
INFO: [DRC 23-133] Running Methodology with 2 threads
INFO: [Vivado_Tcl 2-1520] The results of Report Methodology are in file C:/Users/abhi/OneDrive/Desktop/project/half_adder/half_adder.runs/impl_1/R_adder_seventeen_methodology_drc_routed.rpt.
report_methodology completed successfully
INFO: [runtcl-4] Executing : report_power -file R_adder_seventeen_power_routed.rpt -pb R_adder_seventeen_power_summary_routed.pb -rpx R_adder_seventeen_power_routed.rpx
Command: report_power -file R_adder_seventeen_power_routed.rpt -pb R_adder_seventeen_power_summary_routed.pb -rpx R_adder_seventeen_power_routed.rpx
INFO: [Timing 38-35] Done setting XDC timing constraints.
WARNING: [Power 33-232] No user defined clocks were found in the design! Power estimation will be inaccurate until this is corrected.
Resolution: Please specify clocks using create_clock/create_generated_clock for sequential elements. For pure combinatorial circuits, please specify a virtual clock, otherwise the vectorless estimation might be inaccurate
Running Vector-less Activity Propagation...

Finished Running Vector-less Activity Propagation
70 Infos, 3 Warnings, 0 Critical Warnings and 0 Errors encountered.
report_power completed successfully
INFO: [runtcl-4] Executing : report_route_status -file R_adder_seventeen_route_status.rpt -pb R_adder_seventeen_route_status.pb
INFO: [runtcl-4] Executing : report_timing_summary -max_paths 10 -report_unconstrained -file R_adder_seventeen_timing_summary_routed.rpt -pb R_adder_seventeen_timing_summary_routed.pb -rpx R_adder_seventeen_timing_summary_routed.rpx -warn_on_violation 
INFO: [Timing 38-91] UpdateTimingParams: Speed grade: -1, Delay Type: min_max.
INFO: [Timing 38-191] Multithreading enabled for timing update using a maximum of 2 CPUs
INFO: [runtcl-4] Executing : report_incremental_reuse -file R_adder_seventeen_incremental_reuse_routed.rpt
INFO: [Vivado_Tcl 4-1062] Incremental flow is disabled. No incremental reuse Info to report.
INFO: [runtcl-4] Executing : report_clock_utilization -file R_adder_seventeen_clock_utilization_routed.rpt
INFO: [runtcl-4] Executing : report_bus_skew -warn_on_violation -file R_adder_seventeen_bus_skew_routed.rpt -pb R_adder_seventeen_bus_skew_routed.pb -rpx R_adder_seventeen_bus_skew_routed.rpx
INFO: [Timing 38-91] UpdateTimingParams: Speed grade: -1, Delay Type: min_max.
INFO: [Timing 38-191] Multithreading enabled for timing update using a maximum of 2 CPUs
INFO: [Common 17-206] Exiting Vivado at Fri Sep 18 16:58:30 2026...
